1000    BE100
1083    BE100
4630    BE332
5650    BE353
6811    BE345
7780    BE328
