8277AM    NL211
2871KA    NL33B
9408BJ    NL131
3076KA    NL33C
3068LM    NL33C
7543GV    NL213
4181DG    NL224
9465TL    NL131
2542BA    NL332
2332AE    NL337
3435CN    NL310
4505PC    NL341
6467AP    NL423
1077TT    NL329
6846JE    NL226
8384EC    NL133
6851NT    NL226
5233HN    NL413
2675BP    NL333
5704HG    NL414
6811CN    NL226
4382LP    NL342
4331JX    NL342
8014GJ    NL211
7601EW    NL213
4835CD    NL411
5595CC    NL414
7135KJ    NL225
7495RN    NL213
8281CD    NL211
7753TE    NL132
7007GJ    NL225
5131BM    NL412
2551GJ    NL332
2543CZ    NL332
8225MZ    NL230
1353GH    NL230
8152CC    NL211
3607LM    NL310
7906NE    NL133
6921LJ    NL226
8171KM    NL221
6663PD    NL226
3012XT    NL33C
2134PL    NL329
3344EM    NL33A
5042LP    NL412
2403VP    NL33B
2741HS    NL33B
5491GE    NL413
2274SE    NL332
8921JE    NL124
1382RH    NL327
7021BC    NL225
3601DM    NL310
2555TM    NL332
8861TS    NL124
1941EM    NL323
3863VV    NL221
1777DC    NL321
5627CV    NL414
1967NG    NL323
2661EK    NL33C
6213GZ    NL423
6843WS    NL226
9728MJ    NL113
5306AL    NL224
3332NS    NL33A
3081CK    NL33C
5684XK    NL414
6325CL    NL423
2613EJ    NL333
1431RL    NL329
7331MR    NL221
5441XS    NL413
6166AJ    NL423
8094AS    NL221
3411DG    NL310
5066MA    NL412
5346SE    NL413
7244PD    NL225
7545GM    NL213
9162SL    NL124
1102ZE    NL329
7918TL    NL133
8603CS    NL125
7933RH    NL133
8061BE    NL211
8071MZ    NL221
1017JR    NL329
9723TP    NL113
8321BN    NL230
4553NH    NL341
3035AL    NL33C
3037PL    NL33C
1735HC    NL321
3117VS    NL33C
9074EA    NL124
1446DA    NL329
5801SX    NL421
